// Jest Snapshot v1, https://goo.gl/fbAQLP

exports[`CharactersFavList component Should render CharactersFavList component  1`] = `
<div>
  <div
    class="filter-wrapper"
  >
    <div
      class="searcher"
    >
      <svg
        aria-hidden="true"
        class="svg-inline--fa fa-magnifying-glass "
        data-icon="magnifying-glass"
        data-prefix="fas"
        focusable="false"
        role="img"
        viewBox="0 0 512 512"
        xmlns="http://www.w3.org/2000/svg"
      >
        <path
          d="M416 208c0 45.9-14.9 88.3-40 122.7L502.6 457.4c12.5 12.5 12.5 32.8 0 45.3s-32.8 12.5-45.3 0L330.7 376c-34.4 25.2-76.8 40-122.7 40C93.1 416 0 322.9 0 208S93.1 0 208 0S416 93.1 416 208zM208 352a144 144 0 1 0 0-288 144 144 0 1 0 0 288z"
          fill="currentColor"
        />
      </svg>
      <input
        placeholder="Search a Character..."
        type="text"
        value=""
      />
    </div>
    <div
      class="counter"
    >
      2
       Results
    </div>
  </div>
  <div
    class="cards-container"
  >
    <div
      class="card"
    >
      <a
        href="/comics/1"
      >
        <img
          class="image"
          src="http://i.annihil.us/u/prod/marvel/i/mg/c/e0/535fecbbb9784.jpg"
        />
      </a>
      <div
        class="info"
      >
        <span
          class="title"
        >
          3-D Man 1
        </span>
        <div
          class="favorite-icon"
        >
          <svg
            aria-hidden="true"
            class="svg-inline--fa fa-heart heart-selected"
            data-icon="heart"
            data-prefix="fas"
            focusable="false"
            role="img"
            viewBox="0 0 512 512"
            xmlns="http://www.w3.org/2000/svg"
          >
            <path
              d="M47.6 300.4L228.3 469.1c7.5 7 17.4 10.9 27.7 10.9s20.2-3.9 27.7-10.9L464.4 300.4c30.4-28.3 47.6-68 47.6-109.5v-5.8c0-69.9-50.5-129.5-119.4-141C347 36.5 300.6 51.4 268 84L256 96 244 84c-32.6-32.6-79-47.5-124.6-39.9C50.5 55.6 0 115.2 0 185.1v5.8c0 41.5 17.2 81.2 47.6 109.5z"
              fill="currentColor"
            />
          </svg>
        </div>
      </div>
    </div>
    <div
      class="card"
    >
      <a
        href="/comics/2"
      >
        <img
          class="image"
          src="http://i.annihil.us/u/prod/marvel/i/mg/c/e0/535fecbbb9784.jpg"
        />
      </a>
      <div
        class="info"
      >
        <span
          class="title"
        >
          3-D Man 2
        </span>
        <div
          class="favorite-icon"
        >
          <svg
            aria-hidden="true"
            class="svg-inline--fa fa-heart heart-selected"
            data-icon="heart"
            data-prefix="fas"
            focusable="false"
            role="img"
            viewBox="0 0 512 512"
            xmlns="http://www.w3.org/2000/svg"
          >
            <path
              d="M47.6 300.4L228.3 469.1c7.5 7 17.4 10.9 27.7 10.9s20.2-3.9 27.7-10.9L464.4 300.4c30.4-28.3 47.6-68 47.6-109.5v-5.8c0-69.9-50.5-129.5-119.4-141C347 36.5 300.6 51.4 268 84L256 96 244 84c-32.6-32.6-79-47.5-124.6-39.9C50.5 55.6 0 115.2 0 185.1v5.8c0 41.5 17.2 81.2 47.6 109.5z"
              fill="currentColor"
            />
          </svg>
        </div>
      </div>
    </div>
  </div>
</div>
`;
